[    0.000000] Initializing cgroup subsys cpuset
[    0.000000] Initializing cgroup subsys cpu
[    0.000000] Initializing cgroup subsys cpuacct
[    0.000000] Linux version 4.4.0-176-generic (buildd@lgw01-amd64-035) (gcc version 5.4.0 20160609 (Ubuntu 5.4.0-6ubuntu1~16.04.12) ) #206-Ubuntu SMP Fri Feb 28 05:02:04 UTC 2020 (Ubuntu 4.4.0-176.206-generic 4.4.211)
[    0.000000] Command line: BOOT_IMAGE=/boot/vmlinuz-4.4.0-176-generic root=LABEL=cloudimg-rootfs ro console=tty1 console=ttyS0
[    0.000000] KERNEL supported cpus:
[    0.000000]   Intel GenuineIntel
[    0.000000]   AMD AuthenticAMD
[    0.000000]   Centaur CentaurHauls
[    0.000000] x86/fpu: xstate_offset[2]:  576, xstate_sizes[2]:  256
[    0.000000] x86/fpu: Supporting XSAVE feature 0x01: 'x87 floating point registers'
[    0.000000] x86/fpu: Supporting XSAVE feature 0x02: 'SSE registers'
[    0.000000] x86/fpu: Supporting XSAVE feature 0x04: 'AVX registers'
[    0.000000] x86/fpu: Enabled xstate features 0x7, context size is 832 bytes, using 'standard' format.
[    0.000000] e820: BIOS-provided physical RAM map:
[    0.000000] BIOS-e820: [mem 0x0000000000000000-0x000000000009fbff] usable
[    0.000000] BIOS-e820: [mem 0x000000000009fc00-0x000000000009ffff] reserved
[    0.000000] BIOS-e820: [mem 0x00000000000f0000-0x00000000000fffff] reserved
[    0.000000] BIOS-e820: [mem 0x0000000000100000-0x000000003ffeffff] usable
[    0.000000] BIOS-e820: [mem 0x000000003fff0000-0x000000003fffffff] ACPI data
[    0.000000] BIOS-e820: [mem 0x00000000fec00000-0x00000000fec00fff] reserved
[    0.000000] BIOS-e820: [mem 0x00000000fee00000-0x00000000fee00fff] reserved
[    0.000000] BIOS-e820: [mem 0x00000000fffc0000-0x00000000ffffffff] reserved
[    0.000000] NX (Execute Disable) protection: active
[    0.000000] SMBIOS 2.5 present.
[    0.000000] Hypervisor detected: KVM
[    0.000000] e820: last_pfn = 0x3fff0 max_arch_pfn = 0x400000000
[    0.000000] MTRR: Disabled
[    0.000000] x86/PAT: MTRRs disabled, skipping PAT initialization too.
[    0.000000] CPU MTRRs all blank - virtualized system.
[    0.000000] x86/PAT: Configuration [0-7]: WB  WT  UC- UC  WB  WT  UC- UC  
[    0.000000] found SMP MP-table at [mem 0x0009fff0-0x0009ffff] mapped at [ffff88000009fff0]
[    0.000000] Scanning 1 areas for low memory corruption
[    0.000000] RAMDISK: [mem 0x362de000-0x37166fff]
[    0.000000] ACPI: Early table checksum verification disabled
[    0.000000] ACPI: RSDP 0x00000000000E0000 000024 (v02 VBOX  )
[    0.000000] ACPI: XSDT 0x000000003FFF0030 00003C (v01 VBOX   VBOXXSDT 00000001 ASL  00000061)
[    0.000000] ACPI: FACP 0x000000003FFF00F0 0000F4 (v04 VBOX   VBOXFACP 00000001 ASL  00000061)
[    0.000000] ACPI: DSDT 0x000000003FFF0470 002325 (v02 VBOX   VBOXBIOS 00000002 INTL 20100528)
[    0.000000] ACPI: FACS 0x000000003FFF0200 000040
[    0.000000] ACPI: FACS 0x000000003FFF0200 000040
[    0.000000] ACPI: APIC 0x000000003FFF0240 00005C (v02 VBOX   VBOXAPIC 00000001 ASL  00000061)
[    0.000000] ACPI: SSDT 0x000000003FFF02A0 0001CC (v01 VBOX   VBOXCPUT 00000002 INTL 20100528)
[    0.000000] No NUMA configuration found
[    0.000000] Faking a node at [mem 0x0000000000000000-0x000000003ffeffff]
[    0.000000] NODE_DATA(0) allocated [mem 0x3ffeb000-0x3ffeffff]
[    0.000000] kvm-clock: Using msrs 4b564d01 and 4b564d00
[    0.000000] kvm-clock: cpu 0, msr 0:3ffe3001, primary cpu clock
[    0.000000] kvm-clock: using sched offset of 10453132014 cycles
[    0.000000] clocksource: kvm-clock: mask: 0xffffffffffffffff max_cycles: 0x1cd42e4dffb, max_idle_ns: 881590591483 ns
[    0.000000] Zone ranges:
[    0.000000]   DMA      [mem 0x0000000000001000-0x0000000000ffffff]
[    0.000000]   DMA32    [mem 0x0000000001000000-0x000000003ffeffff]
[    0.000000]   Normal   empty
[    0.000000]   Device   empty
[    0.000000] Movable zone start for each node
[    0.000000] Early memory node ranges
[    0.000000]   node   0: [mem 0x0000000000001000-0x000000000009efff]
[    0.000000]   node   0: [mem 0x0000000000100000-0x000000003ffeffff]
[    0.000000] Initmem setup node 0 [mem 0x0000000000001000-0x000000003ffeffff]
[    0.000000] ACPI: PM-Timer IO Port: 0x4008
[    0.000000] IOAPIC[0]: apic_id 2, version 32, address 0xfec00000, GSI 0-23
[    0.000000] ACPI: INT_SRC_OVR (bus 0 bus_irq 0 global_irq 2 dfl dfl)
[    0.000000] ACPI: INT_SRC_OVR (bus 0 bus_irq 9 global_irq 9 low level)
[    0.000000] Using ACPI (MADT) for SMP configuration information
[    0.000000] smpboot: Allowing 2 CPUs, 0 hotplug CPUs
[    0.000000] PM: Registered nosave memory: [mem 0x00000000-0x00000fff]
[    0.000000] PM: Registered nosave memory: [mem 0x0009f000-0x0009ffff]
[    0.000000] PM: Registered nosave memory: [mem 0x000a0000-0x000effff]
[    0.000000] PM: Registered nosave memory: [mem 0x000f0000-0x000fffff]
[    0.000000] e820: [mem 0x40000000-0xfebfffff] available for PCI devices
[    0.000000] Booting paravirtualized kernel on KVM
[    0.000000] clocksource: refined-jiffies: mask: 0xffffffff max_cycles: 0xffffffff, max_idle_ns: 7645519600211568 ns
[    0.000000] setup_percpu: NR_CPUS:512 nr_cpumask_bits:512 nr_cpu_ids:2 nr_node_ids:1
[    0.000000] PERCPU: Embedded 33 pages/cpu @ffff88003fc00000 s95448 r8192 d31528 u1048576
[    0.000000] Built 1 zonelists in Node order, mobility grouping on.  Total pages: 257912
[    0.000000] Policy zone: DMA32
[    0.000000] Kernel command line: BOOT_IMAGE=/boot/vmlinuz-4.4.0-176-generic root=LABEL=cloudimg-rootfs ro console=tty1 console=ttyS0
[    0.000000] PID hash table entries: 4096 (order: 3, 32768 bytes)
[    0.000000] Memory: 997668K/1048120K available (8626K kernel code, 1336K rwdata, 4032K rodata, 1488K init, 1292K bss, 50452K reserved, 0K cma-reserved)
[    0.000000] SLUB: HWalign=64, Order=0-3, MinObjects=0, CPUs=2, Nodes=1
[    0.000000] Kernel/User page tables isolation: enabled
[    0.000000] Hierarchical RCU implementation.
[    0.000000] 	Build-time adjustment of leaf fanout to 64.
[    0.000000] 	RCU restricting CPUs from NR_CPUS=512 to nr_cpu_ids=2.
[    0.000000] RCU: Adjusting geometry for rcu_fanout_leaf=64, nr_cpu_ids=2
[    0.000000] NR_IRQS:33024 nr_irqs:440 16
[    0.000000] Console: colour VGA+ 80x25
[    0.000000] console [tty1] enabled
[    0.000000] console [ttyS0] enabled
[    0.000000] tsc: Detected 2712.004 MHz processor
[    0.594388] Calibrating delay loop (skipped) preset value.. 5424.00 BogoMIPS (lpj=10848016)
[    0.600607] pid_max: default: 32768 minimum: 301
[    0.605066] ACPI: Core revision 20150930
[    0.613144] ACPI: 2 ACPI AML tables successfully acquired and loaded
[    0.619552] Security Framework initialized
[    0.623777] Yama: becoming mindful.
[    0.626941] AppArmor: AppArmor initialized
[    0.631892] Dentry cache hash table entries: 131072 (order: 8, 1048576 bytes)
[    0.683263] Inode-cache hash table entries: 65536 (order: 7, 524288 bytes)
[    0.692996] Mount-cache hash table entries: 2048 (order: 2, 16384 bytes)
[    0.696333] Mountpoint-cache hash table entries: 2048 (order: 2, 16384 bytes)
[    0.702732] Initializing cgroup subsys io
[    0.705885] Initializing cgroup subsys memory
[    0.708208] Initializing cgroup subsys devices
[    0.710211] Initializing cgroup subsys freezer
[    0.715066] Initializing cgroup subsys net_cls
[    0.718376] Initializing cgroup subsys perf_event
[    0.725032] Initializing cgroup subsys net_prio
[    0.730478] Initializing cgroup subsys hugetlb
[    0.735438] Initializing cgroup subsys pids
[    0.741863] mce: CPU supports 0 MCE banks
[    0.744655] Last level iTLB entries: 4KB 64, 2MB 8, 4MB 8
[    0.748262] Last level dTLB entries: 4KB 64, 2MB 0, 4MB 0, 1GB 4
[    0.752756] Spectre V1 : Mitigation: usercopy/swapgs barriers and __user pointer sanitization
[    0.757774] Spectre V2 : Mitigation: Full generic retpoline
[    0.761109] Spectre V2 : Spectre v2 / SpectreRSB mitigation: Filling RSB on context switch
[    0.767333] Speculative Store Bypass: Vulnerable
[    0.770872] MDS: Mitigation: Clear CPU buffers
[    0.782497] Freeing SMP alternatives memory: 36K
[    0.806494] ftrace: allocating 32305 entries in 127 pages
[    1.007276] smpboot: APIC(0) Converting physical 0 to logical package 0
[    1.009800] smpboot: Max logical packages: 1
[    1.012526] x2apic enabled
[    1.015296] Switched APIC routing to physical x2apic.
[    1.024844] ..TIMER: vector=0x30 apic1=0 pin1=2 apic2=-1 pin2=-1
[    1.137567] smpboot: CPU0: Intel(R) Core(TM) i3-7130U CPU @ 2.70GHz (family: 0x6, model: 0x8e, stepping: 0x9)
[    1.146505] Performance Events: unsupported p6 CPU model 142 no PMU driver, software events only.
[    1.179494] KVM setup paravirtual spinlock
[    1.183082] x86: Booting SMP configuration:
[    1.186319] .... node  #0, CPUs:      #1
[    1.190017] kvm-clock: cpu 1, msr 0:3ffe3041, secondary cpu clock
[    1.194058] mce: CPU supports 0 MCE banks
[    1.197877] x86: Booted up 1 node, 2 CPUs
[    1.202709] smpboot: Total of 2 processors activated (10848.01 BogoMIPS)
[    1.210514] devtmpfs: initialized
[    1.215790] evm: security.selinux
[    1.217437] evm: security.SMACK64
[    1.219033] evm: security.SMACK64EXEC
[    1.220917] evm: security.SMACK64TRANSMUTE
[    1.222708] evm: security.SMACK64MMAP
[    1.224831] evm: security.ima
[    1.226404] evm: security.capability
[    1.228657] clocksource: jiffies: mask: 0xffffffff max_cycles: 0xffffffff, max_idle_ns: 7645041785100000 ns
[    1.233099] futex hash table entries: 512 (order: 3, 32768 bytes)
[    1.235977] pinctrl core: initialized pinctrl subsystem
[    1.238272] RTC time:  3:52:47, date: 04/05/20
[    1.240465] NET: Registered protocol family 16
[    1.254394] cpuidle: using governor ladder
[    1.266045] cpuidle: using governor menu
[    1.267842] PCCT header not found.
[    1.269527] ACPI: bus type PCI registered
[    1.271453] acpiphp: ACPI Hot Plug PCI Controller Driver version: 0.5
[    1.274176] PCI: Using configuration type 1 for base access
[    1.291417] ACPI: Added _OSI(Module Device)
[    1.293323] ACPI: Added _OSI(Processor Device)
[    1.295241] ACPI: Added _OSI(3.0 _SCP Extensions)
[    1.297271] ACPI: Added _OSI(Processor Aggregator Device)
[    1.300725] ACPI: Executed 1 blocks of module-level executable AML code
[    1.310265] ACPI: Interpreter enabled
[    1.312440] ACPI: (supports S0 S5)
[    1.316457] ACPI: Using IOAPIC for interrupt routing
[    1.321099] PCI: Using host bridge windows from ACPI; if necessary, use "pci=nocrs" and report a bug
[    1.337003] ACPI: PCI Root Bridge [PCI0] (domain 0000 [bus 00-ff])
[    1.339552] acpi PNP0A03:00: _OSC: OS supports [ASPM ClockPM Segments MSI]
[    1.346568] acpi PNP0A03:00: _OSC: not requesting OS control; OS requires [ExtendedConfig ASPM ClockPM MSI]
[    1.351148] acpi PNP0A03:00: fail to add MMCONFIG information, can't access extended PCI configuration space under this bridge.
[    1.358394] PCI host bridge to bus 0000:00
[    1.364206] pci_bus 0000:00: root bus resource [io  0x0000-0x0cf7 window]
[    1.368649] pci_bus 0000:00: root bus resource [io  0x0d00-0xffff window]
[    1.372429] pci_bus 0000:00: root bus resource [mem 0x000a0000-0x000bffff window]
[    1.377533] pci_bus 0000:00: root bus resource [mem 0x40000000-0xfdffffff window]
[    1.384922] pci_bus 0000:00: root bus resource [bus 00-ff]
[    1.394957] pci 0000:00:01.1: legacy IDE quirk: reg 0x10: [io  0x01f0-0x01f7]
[    1.399306] pci 0000:00:01.1: legacy IDE quirk: reg 0x14: [io  0x03f6]
[    1.401682] pci 0000:00:01.1: legacy IDE quirk: reg 0x18: [io  0x0170-0x0177]
[    1.404328] pci 0000:00:01.1: legacy IDE quirk: reg 0x1c: [io  0x0376]
[    1.460629] pci 0000:00:07.0: quirk: [io  0x4000-0x403f] claimed by PIIX4 ACPI
[    1.464877] pci 0000:00:07.0: quirk: [io  0x4100-0x410f] claimed by PIIX4 SMB
[    1.490581] ACPI: PCI Interrupt Link [LNKA] (IRQs 5 9 10 *11)
[    1.505025] ACPI: PCI Interrupt Link [LNKB] (IRQs 5 9 *10 11)
[    1.510610] ACPI: PCI Interrupt Link [LNKC] (IRQs 5 *9 10 11)
[    1.517254] ACPI: PCI Interrupt Link [LNKD] (IRQs 5 9 10 *11)
[    1.525416] ACPI: Enabled 2 GPEs in block 00 to 07
[    1.532356] vgaarb: setting as boot device: PCI:0000:00:02.0
[    1.534581] vgaarb: device added: PCI:0000:00:02.0,decodes=io+mem,owns=io+mem,locks=none
[    1.539033] vgaarb: loaded
[    1.540490] vgaarb: bridge control possible 0000:00:02.0
[    1.542931] SCSI subsystem initialized
[    1.549201] ACPI: bus type USB registered
[    1.550983] usbcore: registered new interface driver usbfs
[    1.554214] usbcore: registered new interface driver hub
[    1.556315] usbcore: registered new device driver usb
[    1.561005] PCI: Using ACPI for IRQ routing
[    1.614484] NetLabel: Initializing
[    1.623722] NetLabel:  domain hash size = 128
[    1.626304] NetLabel:  protocols = UNLABELED CIPSOv4
[    1.628975] NetLabel:  unlabeled traffic allowed by default
[    1.633121] amd_nb: Cannot enumerate AMD northbridges
[    1.635935] clocksource: Switched to clocksource kvm-clock
[    1.740215] AppArmor: AppArmor Filesystem Enabled
[    1.743061] pnp: PnP ACPI init
[    1.746769] pnp: PnP ACPI: found 3 devices
[    1.762459] clocksource: acpi_pm: mask: 0xffffff max_cycles: 0xffffff, max_idle_ns: 2085701024 ns
[    1.767786] NET: Registered protocol family 2
[    1.770758] TCP established hash table entries: 8192 (order: 4, 65536 bytes)
[    1.774017] TCP bind hash table entries: 8192 (order: 5, 131072 bytes)
[    1.777045] TCP: Hash tables configured (established 8192 bind 8192)
[    1.779758] UDP hash table entries: 512 (order: 2, 16384 bytes)
[    1.782392] UDP-Lite hash table entries: 512 (order: 2, 16384 bytes)
[    1.785719] NET: Registered protocol family 1
[    1.787556] pci 0000:00:00.0: Limiting direct PCI/PCI transfers
[    1.790536] pci 0000:00:01.0: Activating ISA DMA hang workarounds
[    1.794030] Unpacking initramfs...
[    4.001533] Freeing initrd memory: 14884K
[    4.003600] clocksource: tsc: mask: 0xffffffffffffffff max_cycles: 0x27178a49c0e, max_idle_ns: 440795317528 ns
[    4.007501] platform rtc_cmos: registered platform RTC device (no PNP device found)
[    4.011658] Scanning for low memory corruption every 60 seconds
[    4.016410] audit: initializing netlink subsys (disabled)
[    4.018749] audit: type=2000 audit(1586058782.003:1): initialized
[    4.021276] Initialise system trusted keyring
[    4.023251] HugeTLB registered 2 MB page size, pre-allocated 0 pages
[    4.027884] zbud: loaded
[    4.029874] VFS: Disk quotas dquot_6.6.0
[    4.032133] VFS: Dquot-cache hash table entries: 512 (order 0, 4096 bytes)
[    4.035220] squashfs: version 4.0 (2009/01/31) Phillip Lougher
[    4.038179] fuse init (API version 7.23)
[    4.040307] Key type big_key registered
[    4.042025] Allocating IMA MOK and blacklist keyrings.
[    4.045593] Key type asymmetric registered
[    4.047370] Asymmetric key parser 'x509' registered
[    4.049716] Block layer SCSI generic (bsg) driver version 0.4 loaded (major 249)
[    4.052898] io scheduler noop registered
[    4.054542] io scheduler deadline registered (default)
[    4.056752] io scheduler cfq registered
[    4.058522] pci_hotplug: PCI Hot Plug PCI Core version: 0.5
[    4.060958] pciehp: PCI Express Hot Plug Controller Driver version: 0.4
[    4.063806] ACPI: AC Adapter [AC] (off-line)
[    4.065868] input: Power Button as /devices/LNXSYSTM:00/LNXPWRBN:00/input/input0
[    4.069135] ACPI: Power Button [PWRF]
[    4.070929] input: Sleep Button as /devices/LNXSYSTM:00/LNXSLPBN:00/input/input1
[    4.074487] ACPI: Sleep Button [SLPF]
[    4.076911] GHES: HEST is not enabled!
[    4.078170] ACPI: Battery Slot [BAT0] (battery present)
[    4.081075] Serial: 8250/16550 driver, 32 ports, IRQ sharing enabled
[    4.104465] 00:02: ttyS0 at I/O 0x3f8 (irq = 4, base_baud = 115200) is a 16550A
[    4.113387] Linux agpgart interface v0.103
[    4.118703] loop: module loaded
[    4.121419] scsi host0: ata_piix
[    4.123215] scsi host1: ata_piix
[    4.124783] ata1: PATA max UDMA/33 cmd 0x1f0 ctl 0x3f6 bmdma 0xd000 irq 14
[    4.127240] ata2: PATA max UDMA/33 cmd 0x170 ctl 0x376 bmdma 0xd008 irq 15
[    4.130092] libphy: Fixed MDIO Bus: probed
[    4.131974] tun: Universal TUN/TAP device driver, 1.6
[    4.134041] tun: (C) 1999-2004 Max Krasnyansky <maxk@qualcomm.com>
[    4.136852] PPP generic driver version 2.4.2
[    4.138979] ehci_hcd: USB 2.0 'Enhanced' Host Controller (EHCI) Driver
[    4.141578] ehci-pci: EHCI PCI platform driver
[    4.143308] ehci-platform: EHCI generic platform driver
[    4.145324] ohci_hcd: USB 1.1 'Open' Host Controller (OHCI) Driver
[    4.147910] ohci-pci: OHCI PCI platform driver
[    4.150293] ohci-platform: OHCI generic platform driver
[    4.152325] uhci_hcd: USB Universal Host Controller Interface driver
[    4.154814] i8042: PNP: PS/2 Controller [PNP0303:PS2K,PNP0f03:PS2M] at 0x60,0x64 irq 1,12
[    4.161550] serio: i8042 KBD port at 0x60,0x64 irq 1
[    4.163486] serio: i8042 AUX port at 0x60,0x64 irq 12
[    4.166000] mousedev: PS/2 mouse device common for all mice
[    4.168891] input: AT Translated Set 2 keyboard as /devices/platform/i8042/serio0/input/input2
[    4.173088] rtc_cmos rtc_cmos: rtc core: registered rtc_cmos as rtc0
[    4.175308] rtc_cmos rtc_cmos: alarms up to one day, 114 bytes nvram
[    4.177907] i2c /dev entries driver
[    4.179811] device-mapper: uevent: version 1.0.3
[    4.182179] device-mapper: ioctl: 4.34.0-ioctl (2015-10-28) initialised: dm-devel@redhat.com
[    4.185928] ledtrig-cpu: registered to indicate activity on CPUs
[    4.188811] NET: Registered protocol family 10
[    4.191287] NET: Registered protocol family 17
[    4.193052] Key type dns_resolver registered
[    4.195528] registered taskstats version 1
[    4.197482] Loading compiled-in X.509 certificates
[    4.200492] Loaded X.509 cert 'Build time autogenerated kernel key: c2b7431ed9258328a3a0cf301f850647788d8e61'
[    4.205517] zswap: loaded using pool lzo/zbud
[    4.210679] Key type trusted registered
[    4.219693] Key type encrypted registered
[    4.221613] AppArmor: AppArmor sha1 policy hashing enabled
[    4.224132] ima: No TPM chip found, activating TPM-bypass!
[    4.226801] ima: Allocated hash algorithm: sha1
[    4.228749] evm: HMAC attrs: 0x1
[    4.231103]   Magic number: 0:18:866
[    4.232841] rtc_cmos rtc_cmos: setting system clock to 2020-04-05 03:52:50 UTC (1586058770)
[    4.236895] BIOS EDD facility v0.16 2004-Jun-25, 0 devices found
[    4.239650] EDD information not available.
[    4.314460] Freeing unused kernel memory: 1488K
[    4.316504] Write protecting the kernel read-only data: 14336k
[    4.319586] Freeing unused kernel memory: 1604K
[    4.321887] Freeing unused kernel memory: 64K
Loading, please wait...
starting version 229
[    4.347158] random: systemd-udevd: uninitialized urandom read (16 bytes read, 5 bits of entropy available)
[    4.348407] random: udevadm: uninitialized urandom read (16 bytes read, 5 bits of entropy available)
[    4.348439] random: udevadm: uninitialized urandom read (16 bytes read, 5 bits of entropy available)
[    4.365598] random: udevadm: uninitialized urandom read (16 bytes read, 5 bits of entropy available)
[    4.365671] random: udevadm: uninitialized urandom read (16 bytes read, 5 bits of entropy available)
[    4.365941] random: udevadm: uninitialized urandom read (16 bytes read, 5 bits of entropy available)
[    4.366038] random: udevadm: uninitialized urandom read (16 bytes read, 5 bits of entropy available)
[    4.366139] random: udevadm: uninitialized urandom read (16 bytes read, 5 bits of entropy available)
[    4.366244] random: udevadm: uninitialized urandom read (16 bytes read, 5 bits of entropy available)
[    4.366338] random: udevadm: uninitialized urandom read (16 bytes read, 5 bits of entropy available)
[    4.481486] Fusion MPT base driver 3.04.20
[    4.483085] Copyright (c) 1999-2008 LSI Corporation
[    4.485985] e1000: Intel(R) PRO/1000 Network Driver - version 7.3.21-k8-NAPI
[    4.492900] e1000: Copyright (c) 1999-2006 Intel Corporation.
[    4.511684] Fusion MPT SPI Host driver 3.04.20
[    4.546599] AVX2 version of gcm_enc/dec engaged.
[    4.548606] AES CTR mode by8 optimization enabled
[    4.745973] input: ImExPS/2 Generic Explorer Mouse as /devices/platform/i8042/serio1/input/input4
[    5.310600] e1000 0000:00:03.0 eth0: (PCI:33MHz:32-bit) 02:85:ff:9d:c0:81
[    5.313114] e1000 0000:00:03.0 eth0: Intel(R) PRO/1000 Network Connection
[    5.317077] mptbase: ioc0: Initiating bringup
[    5.600921] ioc0: LSI53C1030 A0: Capabilities={Initiator}
[    8.467597] scsi host2: ioc0: LSI53C1030 A0, FwRev=00000000h, Ports=1, MaxQ=256, IRQ=20
[    9.538871] scsi 2:0:0:0: Direct-Access     VBOX     HARDDISK         1.0  PQ: 0 ANSI: 5
[    9.552663] scsi target2:0:0: Beginning Domain Validation
[    9.567123] scsi target2:0:0: Domain Validation skipping write tests
[    9.569448] scsi target2:0:0: Ending Domain Validation
[    9.571156] scsi target2:0:0: asynchronous
[    9.573751] scsi 2:0:1:0: Direct-Access     VBOX     HARDDISK         1.0  PQ: 0 ANSI: 5
[    9.576891] scsi target2:0:1: Beginning Domain Validation
[    9.581477] scsi target2:0:1: Domain Validation skipping write tests
[    9.583518] scsi target2:0:1: Ending Domain Validation
[    9.585645] scsi target2:0:1: asynchronous
[    9.610057] sd 2:0:0:0: Attached scsi generic sg0 type 0
[    9.638607] sd 2:0:0:0: [sda] 20971520 512-byte logical blocks: (10.7 GB/10.0 GiB)
[    9.642404] sd 2:0:0:0: [sda] Write Protect is off
[    9.644746] sd 2:0:0:0: [sda] Incomplete mode parameter data
[    9.647647] sd 2:0:0:0: [sda] Assuming drive cache: write through
[    9.662653] sd 2:0:1:0: [sdb] 20480 512-byte logical blocks: (10.5 MB/10.0 MiB)
[    9.666040] sd 2:0:1:0: Attached scsi generic sg1 type 0
[    9.668399] sd 2:0:1:0: [sdb] Write Protect is off
[    9.670740] sd 2:0:1:0: [sdb] Incomplete mode parameter data
[    9.674397] sd 2:0:1:0: [sdb] Assuming drive cache: write through
[    9.679690]  sda: sda1
[    9.682909] sd 2:0:0:0: [sda] Attached SCSI disk
[    9.685618] sd 2:0:1:0: [sdb] Attached SCSI disk
[   10.447891] e1000 0000:00:08.0 eth1: (PCI:33MHz:32-bit) 08:00:27:cc:32:86
[   10.450775] e1000 0000:00:08.0 eth1: Intel(R) PRO/1000 Network Connection
[   10.454158] e1000 0000:00:08.0 enp0s8: renamed from eth1
[   10.468779] e1000 0000:00:03.0 enp0s3: renamed from eth0
Begin: Loading essential drivers ... [   12.378331] md: linear personality registered for level -1
[   12.383406] md: multipath personality registered for level -4
[   12.390230] md: raid0 personality registered for level 0
[   12.398351] md: raid1 personality registered for level 1
[   12.471965] raid6: sse2x1   gen()  6855 MB/s
[   12.541272] raid6: sse2x1   xor()  4770 MB/s
[   12.608140] raid6: sse2x2   gen()  8201 MB/s
[   12.676595] raid6: sse2x2   xor()  6014 MB/s
[   12.744278] raid6: sse2x4   gen()  9158 MB/s
[   12.812622] raid6: sse2x4   xor()  5639 MB/s
[   12.879965] raid6: avx2x1   gen() 12609 MB/s
[   12.948562] raid6: avx2x2   gen() 15611 MB/s
[   13.016646] raid6: avx2x4   gen() 15246 MB/s
[   13.020195] raid6: using algorithm avx2x2 gen() 15611 MB/s
[   13.025416] raid6: using avx2x2 recovery algorithm
[   13.032624] xor: automatically using best checksumming function:
[   13.075985]    avx       : 11920.000 MB/sec
[   13.080323] async_tx: api initialized (async)
[   13.098916] md: raid6 personality registered for level 6
[   13.102301] md: raid5 personality registered for level 5
[   13.104822] md: raid4 personality registered for level 4
[   13.119768] md: raid10 personality registered for level 10
done.
Begin: Running /scripts/init-premount ... done.
Begin: Mounting root file system ... Begin: Running /scripts/local-top ... done.
Begin: Running /scripts/local-premount ... [   13.190578] Btrfs loaded
Scanning for Btrfs filesystems
done.
Warning: fsck not present, so skipping root file system
[   13.260305] EXT4-fs (sda1): mounted filesystem with ordered data mode. Opts: (null)
done.
Begin: Running /scripts/local-bottom ... done.
Begin: Running /scripts/init-bottom ... done.
[   13.439490] systemd[1]: systemd 229 running in system mode. (+PAM +AUDIT +SELINUX +IMA +APPARMOR +SMACK +SYSVINIT +UTMP +LIBCRYPTSETUP +GCRYPT +GNUTLS +ACL +XZ -LZ4 +SECCOMP +BLKID +ELFUTILS +KMOD -IDN)
[   13.446160] systemd[1]: Detected virtualization oracle.
[   13.448548] systemd[1]: Detected architecture x86-64.

Welcome to [1mUbuntu 16.04.6 LTS[0m!

[   13.459840] systemd[1]: Set hostname to <server2>.
[   13.699331] systemd[1]: Listening on Journal Socket (/dev/log).
[[0;32m  OK  [0m] Listening on Journal Socket (/dev/log).
[   13.702629] systemd[1]: Reached target User and Group Name Lookups.
[[0;32m  OK  [0m] Reached target User and Group Name Lookups.
[   13.712545] systemd[1]: Listening on LVM2 metadata daemon socket.
[[0;32m  OK  [0m] Listening on LVM2 metadata daemon socket.
[   13.715729] systemd[1]: Listening on /dev/initctl Compatibility Named Pipe.
[[0;32m  OK  [0m] Listening on /dev/initctl Compatibility Named Pipe.
[   13.720513] systemd[1]: Started Trigger resolvconf update for networkd DNS.
[[0;32m  OK  [0m] Started Trigger resolvconf update for networkd DNS.
[   13.724223] systemd[1]: Listening on Journal Socket.
[[0;32m  OK  [0m] Listening on Journal Socket.
[   13.727148] systemd[1]: Reached target System Time Synchronized.
[[0;32m  OK  [0m] Reached target System Time Synchronized.
[   13.730559] systemd[1]: Created slice User and Session Slice.
[[0;32m  OK  [0m] Created slice User and Session Slice.
[   13.740529] systemd[1]: Reached target Swap.
[[0;32m  OK  [0m] Reached target Swap.
[   13.743508] systemd[1]: Listening on LVM2 poll daemon socket.
[[0;32m  OK  [0m] Listening on LVM2 poll daemon socket.
[   13.746840] systemd[1]: Reached target Encrypted Volumes.
[[0;32m  OK  [0m] Reached target Encrypted Volumes.
[   13.750497] systemd[1]: Set up automount Arbitrary Executable File Formats File System Automount Point.
[[0;32m  OK  [0m] Set up automount Arbitrary Executab...ats File System Automount Point.
[   13.756000] systemd[1]: Created slice System Slice.
[[0;32m  OK  [0m] Created slice System Slice.
[   13.780301] systemd[1]: Starting Create list of required static device nodes for the current kernel...
         Starting Create list of required st... nodes for the current kernel...
[   13.786851] systemd[1]: Mounting POSIX Message Queue File System...
         Mounting POSIX Message Queue File System...
[   13.791140] systemd[1]: Starting Uncomplicated firewall...
         Starting Uncomplicated firewall...
[   13.802089] systemd[1]: Mounting Huge Pages File System...
         Mounting Huge Pages File System...
[   13.806343] systemd[1]: Mounting Debug File System...
         Mounting Debug File System...
[   13.811140] systemd[1]: Starting Nameserver information manager...
         Starting Nameserver information manager...
[   13.821190] systemd[1]: Created slice system-serial\x2dgetty.slice.
[[0;32m  OK  [0m] Created slice system-serial\x2dgetty.slice.
[   13.825807] systemd[1]: Starting Set console keymap...
         Starting Set console keymap...
[   13.829055] systemd[1]: Reached target Slices.
[[0;32m  OK  [0m] Reached target Slices.
[   13.837578] systemd[1]: Starting Load Kernel Modules...
         Starting Load Kernel Modules...
[   13.841710] systemd[1]: Starting Remount Root and Kernel File Systems...
         Starting Remount Root and Kernel File Systems...
[   13.848760] EXT4-fs (sda1): re-mounted. Opts: (null)
[   13.852391] systemd[1]: Started Forward Password Requests to Wall Directory Watch.
[[0;32m  OK  [0m] Started Forward Password Requests to Wall Directory Watch.
[   13.858758] systemd[1]: Listening on Device-mapper event daemon FIFOs.
[[0;32m  OK  [0m] Listening on Device-mapper event daemon FIFOs.
[   13.867288] Loading iSCSI transport class v2.0-870.
[   13.882141] iscsi: registered transport (tcp)
[   13.884599] systemd[1]: Starting Monitoring of LVM2 mirrors, snapshots etc. using dmeventd or progress polling...
         Starting Monitoring of LVM2 mirrors... dmeventd or progress polling...
[   13.893047] systemd[1]: Listening on Journal Audit Socket.
[[0;32m  OK  [0m] Listening on Journal Audit Socket.
[   13.903930] systemd[1]: Listening on udev Control Socket.
[[0;32m  OK  [0m] Listening on udev Control Socket.
[   13.912896] systemd[1]: Listening on Syslog Socket.
[[0;32m  OK  [0m] Listening on Syslog Socket.
[   13.936554] systemd[1]: Starting Journal Service...
         Starting Journal Service...
[   13.945458] systemd[1]: Listening on udev Kernel Socket.
[[0;32m  OK  [0m] Listening on udev Kernel Socket.
[   13.952778] systemd[1]: Mounted Huge Pages File System.
[[0;32m  OK  [0m] Mounted Huge Pages File System.
[   13.960203] systemd[1]: Mounted Debug File System.
[[0;32m  OK  [0m] Mounted Debug File System.
[   13.970670] systemd[1]: Mounted POSIX Message Queue File System.
[[0;32m  OK  [0m] Mounted POSIX Message Queue File System.
[   13.975936] systemd[1]: Started Create list of required static device nodes for the current kernel.
[[0;32m  OK  [0m] Started Create list of required sta...ce nodes for the current kernel.
[   13.986328] systemd[1]: Started Uncomplicated firewall.
[[0;32m  OK  [0m] Started Uncomplicated firewall.
[   13.993080] random: nonblocking pool is initialized
[   13.997454] iscsi: registered transport (iser)
[   14.005759] systemd[1]: Started Set console keymap.
[[0;32m  OK  [0m] Started Set console keymap.
[   14.017298] systemd[1]: Started Load Kernel Modules.
[[0;32m  OK  [0m] Started Load Kernel Modules.
[   14.021652] systemd[1]: Started Remount Root and Kernel File Systems.
[[0;32m  OK  [0m] Started Remount Root and Kernel File Systems.
[   14.032840] systemd[1]: Started Nameserver information manager.
[[0;32m  OK  [0m] Started Nameserver information manager.
[   14.042451] systemd[1]: Started Journal Service.
[[0;32m  OK  [0m] Started Journal Service.
[[0;32m  OK  [0m] Started LVM2 metadata daemon.
         Starting udev Coldplug all Devices...
         Starting Load/Save Random Seed...
         Starting Flush Journal to Persistent Storage...
         Starting Apply Kernel Variables...
         Mounting FUSE Control File System...
         Starting Create Static Device Nodes in /dev...
[[0;32m  OK  [0m] Mounted FUSE Control File System.
[[0;32m  OK  [0m] Started Load/Save Random Seed.
[[0;32m  OK  [0m] Started Apply Kernel Variables.
[[0;32m  OK  [0m] Started Flush Journal to Persistent Storage.
[[0;32m  OK  [0m] Started Create Static Device Nodes in /dev.
         Starting udev Kernel Device Manager...
[[0;32m  OK  [0m] Started udev Coldplug all Devices.
[[0;32m  OK  [0m] Started udev Kernel Device Manager.
[[0;32m  OK  [0m] Started Dispatch Password Requests to Console Directory Watch.
[[0;32m  OK  [0m] Started Monitoring of LVM2 mirrors,...ng dmeventd or progress polling.
[[0;32m  OK  [0m] Reached target Local File Systems (Pre).
[[0;32m  OK  [0m] Reached target Local File Systems.
         Starting Set console font and keymap...
         Starting Tell Plymouth To Write Out Runtime Data...
         Starting Create Volatile Files and Directories...
         Starting LSB: AppArmor initialization...
         Starting Initial cloud-init job (pre-networking)...
[[0;32m  OK  [0m] Started Tell Plymouth To Write Out Runtime Data.
[[0;32m  OK  [0m] Started Create Volatile Files and Directories.
         Starting Update UTMP about System Boot/Shutdown...
[[0;32m  OK  [0m] Started Update UTMP about System Boot/Shutdown.
[[0;32m  OK  [0m] Found device /dev/ttyS0.
[[0;32m  OK  [0m] Started LSB: AppArmor initialization.
[[0;32m  OK  [0m] Listening on Load/Save RF Kill Switch Status /dev/rfkill Watch.
[[0;32m  OK  [0m] Found device 82540EM Gigabit Ethern...r (PRO/1000 MT Desktop Adapter).
[[0;32m  OK  [0m] Found device 82540EM Gigabit Ethern...r (PRO/1000 MT Desktop Adapter).
[   16.306465] cloud-init[508]: Cloud-init v. 19.4-33-gbb4131a2-0ubuntu1~16.04.1 running 'init-local' at Sun, 05 Apr 2020 03:53:02 +0000. Up 15.65 seconds.
[[0;32m  OK  [0m] Started Initial cloud-init job (pre-networking).
[[0;32m  OK  [0m] Reached target Network (Pre).
[[0;32m  OK  [0m] Started ifup for enp0s8.
[[0;32m  OK  [0m] Started ifup for enp0s3.
         Starting Raise network interfaces...
[[0;32m  OK  [0m] Started Set console font and keymap.
[[0;32m  OK  [0m] Created slice system-getty.slice.
[[0;32m  OK  [0m] Started Raise network interfaces.
[[0;32m  OK  [0m] Reached target Network.
         Starting Initial cloud-init job (metadata service crawler)...
[   19.107523] cloud-init[1082]: Cloud-init v. 19.4-33-gbb4131a2-0ubuntu1~16.04.1 running 'init' at Sun, 05 Apr 2020 03:53:05 +0000. Up 18.23 seconds.
[   19.112526] cloud-init[1082]: ci-info: ++++++++++++++++++++++++++++++++++++++Net device info+++++++++++++++++++++++++++++++++++++++
[   19.115832] cloud-init[1082]: ci-info: +--------+------+-----------------------------+---------------+--------+-------------------+
[   19.119555] cloud-init[1082]: ci-info: | Device |  Up  |           Address           |      Mask     | Scope  |     Hw-Address    |
[   19.132540] cloud-init[1082]: ci-info: +--------+------+-----------------------------+---------------+--------+-------------------+
[   19.139806] cloud-init[1082]: ci-info: | enp0s3 | True |          10.0.2.15          | 255.255.255.0 | global | 02:85:ff:9d:c0:81 |
[   19.148219] cloud-init[1082]: ci-info: | enp0s3 | True |  fe80::85:ffff:fe9d:c081/64 |       .       |  link  | 02:85:ff:9d:c0:81 |
[   19.152708] cloud-init[1082]: ci-info: | enp0s8 | True |        172.16.200.102       | 255.255.255.0 | global | 08:00:27:cc:32:86 |
[   19.157698] cloud-init[1082]: ci-info: | enp0s8 | True | fe80::a00:27ff:fecc:3286/64 |       .       |  link  | 08:00:27:cc:32:86 |
[   19.161829] cloud-init[1082]: ci-info: |   lo   | True |          127.0.0.1          |   255.0.0.0   |  host  |         .         |
[   19.170124] cloud-init[1082]: ci-info: |   lo   | True |           ::1/128           |       .       |  host  |         .         |
[   19.175024] cloud-init[1082]: ci-info: +--------+------+-----------------------------+---------------+--------+-------------------+
[   19.185306] cloud-init[1082]: ci-info: ++++++++++++++++++++++++++++Route IPv4 info++++++++++++++++++++++++++++
[   19.188989] cloud-init[1082]: ci-info: +-------+--------------+----------+---------------+-----------+-------+
[   19.193015] cloud-init[1082]: ci-info: | Route | Destination  | Gateway  |    Genmask    | Interface | Flags |
[   19.198076] cloud-init[1082]: ci-info: +-------+--------------+----------+---------------+-----------+-------+
[   19.200776] cloud-init[1082]: ci-info: |   0   |   0.0.0.0    | 10.0.2.2 |    0.0.0.0    |   enp0s3  |   UG  |
[   19.205288] cloud-init[1082]: ci-info: |   1   |   10.0.2.0   | 0.0.0.0  | 255.255.255.0 |   enp0s3  |   U   |
[   19.208145] cloud-init[1082]: ci-info: |   2   | 172.16.200.0 | 0.0.0.0  | 255.255.255.0 |   enp0s8  |   U   |
[   19.210678] cloud-init[1082]: ci-info: +-------+--------------+----------+---------------+-----------+-------+
[   19.214796] cloud-init[1082]: ci-info: +++++++++++++++++++Route IPv6 info+++++++++++++++++++
[   19.217495] cloud-init[1082]: ci-info: +-------+-------------+---------+-----------+-------+
[   19.220560] cloud-init[1082]: ci-info: | Route | Destination | Gateway | Interface | Flags |
[   19.224552] cloud-init[1082]: ci-info: +-------+-------------+---------+-----------+-------+
[   19.236813] cloud-init[1082]: ci-info: |   0   |  fe80::/64  |    ::   |   enp0s8  |   U   |
[   19.249356] cloud-init[1082]: ci-info: |   1   |  fe80::/64  |    ::   |   enp0s3  |   U   |
[   19.255014] cloud-init[1082]: ci-info: |   5   |   ff00::/8  |    ::   |   enp0s8  |   U   |
[   19.265094] cloud-init[1082]: ci-info: |   6   |   ff00::/8  |    ::   |   enp0s3  |   U   |
[   19.267876] cloud-init[1082]: ci-info: +-------+-------------+---------+-----------+-------+
[[0;32m  OK  [0m] Started Initial cloud-init job (metadata service crawler).
[[0;32m  OK  [0m] Reached target System Initialization.
         Starting LXD - unix socket.
         Starting Socket activation for snappy daemon.
[[0;32m  OK  [0m] Started ACPI Events Check.
[[0;32m  OK  [0m] Reached target Paths.
[[0;32m  OK  [0m] Started Message of the Day.
[[0;32m  OK  [0m] Started Daily apt download activities.
[[0;32m  OK  [0m] Listening on ACPID Listen Socket.
[[0;32m  OK  [0m] Started Daily apt upgrade and clean activities.
[[0;32m  OK  [0m] Listening on D-Bus System Message Bus Socket.
[[0;32m  OK  [0m] Started Daily Cleanup of Temporary Directories.
[[0;32m  OK  [0m] Reached target Timers.
[[0;32m  OK  [0m] Listening on UUID daemon activation socket.
[[0;32m  OK  [0m] Reached target Network is Online.
         Starting iSCSI initiator daemon (iscsid)...
[[0;32m  OK  [0m] Reached target Cloud-config availability.
[[0;32m  OK  [0m] Listening on LXD - unix socket.
[[0;32m  OK  [0m] Listening on Socket activation for snappy daemon.
[[0;32m  OK  [0m] Reached target Sockets.
[[0;32m  OK  [0m] Reached target Basic System.
         Starting LSB: MD monitoring daemon...
         Starting Login Service...
         Starting Accounts Service...
[[0;32m  OK  [0m] Started ACPI event daemon.
[[0;32m  OK  [0m] Started Deferred execution scheduler.
         Starting Virtualbox guest utils...
         Starting /etc/rc.local Compatibility...
         Starting LSB: Record successful boot for GRUB...
[[0;32m  OK  [0m] Started FUSE filesystem for LXC.
         Starting OpenBSD Secure Shell server...
         Starting Snappy daemon...
         Starting System Logging Service...
[[0;32m  OK  [0m] Started D-Bus System Message Bus.
[[0;32m  OK  [0m] Started Regular background program processing daemon.
         Starting LXD - container startup/shutdown...
[[0;32m  OK  [0m] Started System Logging Service.
[[0;32m  OK  [0m] Started iSCSI initiator daemon (iscsid).
[[0;32m  OK  [0m] Started /etc/rc.local Compatibility.
[[0;32m  OK  [0m] Started OpenBSD Secure Shell server.
[[0;32m  OK  [0m] Started Login Service.
[[0;32m  OK  [0m] Started LSB: Record successful boot for GRUB.
[[0;32m  OK  [0m] Started Unattended Upgrades Shutdown.
         Starting Authenticate and Authorize Users to Run Privileged Tasks...
         Starting Login to default iSCSI targets...
[[0;32m  OK  [0m] Started LSB: MD monitoring daemon.
[[0;32m  OK  [0m] Started Login to default iSCSI targets.
[[0;32m  OK  [0m] Reached target Remote File Systems (Pre).
[[0;32m  OK  [0m] Reached target Remote File Systems.
         Starting Permit User Sessions...
         Starting LSB: automatic crash report generation...
         Starting LSB: daemon to balance interrupts for SMP systems...
         Starting LSB: Set the CPU Frequency Scaling governor to "ondemand"...
[[0;32m  OK  [0m] Started Permit User Sessions.
         Starting Terminate Plymouth Boot Screen...
         Starting Hold until boot process finishes up...
[[0;32m  OK  [0m] Started Terminate Plymouth Boot Screen.
[[0;32m  OK  [0m] Started Hold until boot process finishes up.
[[0;32m  OK  [0m] Started Authenticate and Authorize Users to Run Privileged Tasks.
         Starting Set console scheme...
[[0;32m  OK  [0m] Started Getty on tty1.
[[0;32m  OK  [0m] Started Serial Getty on ttyS0.
[[0;32m  OK  [0m] Reached target Login Prompts.
[[0;32m  OK  [0m] Started Virtualbox guest utils.
[[0;32m  OK  [0m] Started LXD - container startup/shutdown.
[[0;32m  OK  [0m] Started LSB: daemon to balance interrupts for SMP systems.
[[0;32m  OK  [0m] Started LSB: Set the CPU Frequency Scaling governor to "ondemand".
[[0;32m  OK  [0m] Started Set console scheme.
[[0;32m  OK  [0m] Started Accounts Service.
[[0;32m  OK  [0m] Started LSB: automatic crash report generation.
[[0;32m  OK  [0m] Started Snappy daemon.
         Starting Wait until snapd is fully seeded...
[[0;32m  OK  [0m] Started Wait until snapd is fully seeded.
         Starting Apply the settings specified in cloud-config...
[[0;32m  OK  [0m] Reached target Multi-User System.
[[0;32m  OK  [0m] Reached target Graphical Interface.
         Starting Update UTMP about System Runlevel Changes...
[[0;32m  OK  [0m] Started Update UTMP about System Runlevel Changes.
[[0;32m  OK  [0m] Created slice User Slice of vagrant.
         Starting User Manager for UID 1000...
[[0;32m  OK  [0m] Started Session 1 of user vagrant.
[[0;32m  OK  [0m] Started User Manager for UID 1000.
[   21.987857] cloud-init[1353]: Cloud-init v. 19.4-33-gbb4131a2-0ubuntu1~16.04.1 running 'modules:config' at Sun, 05 Apr 2020 03:53:08 +0000. Up 21.64 seconds.
[[0;32m  OK  [0m] Started Apply the settings specified in cloud-config.
         Starting Execute cloud user/final scripts...
[   23.746446] cloud-init[1442]: Cloud-init v. 19.4-33-gbb4131a2-0ubuntu1~16.04.1 running 'modules:final' at Sun, 05 Apr 2020 03:53:10 +0000. Up 23.28 seconds.
[   23.755809] cloud-init[1442]: Cloud-init v. 19.4-33-gbb4131a2-0ubuntu1~16.04.1 finished at Sun, 05 Apr 2020 03:53:10 +0000. Datasource DataSourceNoCloud [seed=/dev/sdb][dsmode=net].  Up 23.70 seconds
[[0;32m  OK  [0m] Started Execute cloud user/final scripts.
[[0;32m  OK  [0m] Reached target Cloud-init target.

Ubuntu 16.04.6 LTS server2 ttyS0

server2 login: 